// Jest Snapshot v1, https://goo.gl/fbAQLP

exports[`Test LogIn should render 1`] = `
Object {
  "asFragment": [Function],
  "baseElement": <body>
    <div>
      <main>
        <div
          class="container"
        >
          <img
            alt="logo"
            class="App-logo"
            src="Burger-Queen-logo.png"
          />
        </div>
        <form>
          <h1
            class="h1Form"
          >
            Iniciar sesión
          </h1>
          <label
            for="username-mail"
          >
             Correo Electrónico: 
          </label>
          <input
            aria-label="mail"
            id="username-mail"
            placeholder="ejemplo@ejemplo.com"
            type="email"
          />
          <label
            for="username-password"
          >
             Contraseña: 
          </label>
          <input
            id="username-password"
            placeholder="Ingrese su contraseña"
            type="password"
          />
          <button
            class="buttonForm"
            type="submit"
          >
            Enviar
          </button>
        </form>
      </main>
      <div
        class="link"
      >
        <a
          class="changeRoute"
          href="/register"
        >
          Registrate
        </a>
      </div>
    </div>
  </body>,
  "container": <div>
    <main>
      <div
        class="container"
      >
        <img
          alt="logo"
          class="App-logo"
          src="Burger-Queen-logo.png"
        />
      </div>
      <form>
        <h1
          class="h1Form"
        >
          Iniciar sesión
        </h1>
        <label
          for="username-mail"
        >
           Correo Electrónico: 
        </label>
        <input
          aria-label="mail"
          id="username-mail"
          placeholder="ejemplo@ejemplo.com"
          type="email"
        />
        <label
          for="username-password"
        >
           Contraseña: 
        </label>
        <input
          id="username-password"
          placeholder="Ingrese su contraseña"
          type="password"
        />
        <button
          class="buttonForm"
          type="submit"
        >
          Enviar
        </button>
      </form>
    </main>
    <div
      class="link"
    >
      <a
        class="changeRoute"
        href="/register"
      >
        Registrate
      </a>
    </div>
  </div>,
  "debug": [Function],
  "findAllByAltText": [Function],
  "findAllByDisplayValue": [Function],
  "findAllByLabelText": [Function],
  "findAllByPlaceholderText": [Function],
  "findAllByRole": [Function],
  "findAllByTestId": [Function],
  "findAllByText": [Function],
  "findAllByTitle": [Function],
  "findByAltText": [Function],
  "findByDisplayValue": [Function],
  "findByLabelText": [Function],
  "findByPlaceholderText": [Function],
  "findByRole": [Function],
  "findByTestId": [Function],
  "findByText": [Function],
  "findByTitle": [Function],
  "getAllByAltText": [Function],
  "getAllByDisplayValue": [Function],
  "getAllByLabelText": [Function],
  "getAllByPlaceholderText": [Function],
  "getAllByRole": [Function],
  "getAllByTestId": [Function],
  "getAllByText": [Function],
  "getAllByTitle": [Function],
  "getByAltText": [Function],
  "getByDisplayValue": [Function],
  "getByLabelText": [Function],
  "getByPlaceholderText": [Function],
  "getByRole": [Function],
  "getByTestId": [Function],
  "getByText": [Function],
  "getByTitle": [Function],
  "queryAllByAltText": [Function],
  "queryAllByDisplayValue": [Function],
  "queryAllByLabelText": [Function],
  "queryAllByPlaceholderText": [Function],
  "queryAllByRole": [Function],
  "queryAllByTestId": [Function],
  "queryAllByText": [Function],
  "queryAllByTitle": [Function],
  "queryByAltText": [Function],
  "queryByDisplayValue": [Function],
  "queryByLabelText": [Function],
  "queryByPlaceholderText": [Function],
  "queryByRole": [Function],
  "queryByTestId": [Function],
  "queryByText": [Function],
  "queryByTitle": [Function],
  "rerender": [Function],
  "unmount": [Function],
}
`;
